[?1034h+--------------+--------------+------------+-------------------+-------------------+-------------------+-------------------+-------------------+---------------------+-------------+
| l_returnflag | l_linestatus | sum_qty    | sum_base_price    | sum_disc_price    | sum_charge        | avg_qty           | avg_price         | avg_disc            | count_order |
+--------------+--------------+------------+-------------------+-------------------+-------------------+-------------------+-------------------+---------------------+-------------+
| A            | F            | 3775127758 | 5660776097198.913 | 5377736398182.777 | 5592847429513.244 | 25.49937042327543 | 38236.11698433504 | 0.05000224347713225 | 148047881   |
| N            | F            | 98553062   | 147771098385.9689 | 140384965965.0348 | 145999793032.7831 | 25.50155695688288 | 38237.19938880162 | 0.04998528433773638 | 3864590     |
| N            | O            | 7436302976 | 11150725681374.18 | 10593195308232.23 | 11016932248184.29 | 25.50000940437419 | 38237.22764636298 | 0.04999791823830614 | 291619617   |
| R            | F            | 3775724970 | 5661603032747.248 | 5378513563915.351 | 5593662252666.573 | 25.50006628406532 | 38236.69725846585 | 0.05000130428586257 | 148067261   |
+--------------+--------------+------------+-------------------+-------------------+-------------------+-------------------+-------------------+---------------------+-------------+
