[?1034h+-------------------+
| promo_revenue     |
+-------------------+
| 16.64035743325395 |
+-------------------+
