[?1034h+------------+
| avg_yearly |
+------------+
| NULL       |
+------------+
