[?1034h+-----------+---------+-------------------+
| cntrycode | numcust | totacctbal        |
+-----------+---------+-------------------+
| 13        | 90748   | 679530260.8000009 |
| 17        | 91314   | 685030261.9100009 |
| 18        | 91293   | 684593250.4199986 |
| 23        | 90359   | 677680422.769999  |
| 29        | 91124   | 683683023.6499949 |
| 30        | 91358   | 685118386.8300066 |
| 31        | 90553   | 678671645.3500047 |
+-----------+---------+-------------------+
