[?1034h+------------------+
| revenue          |
+------------------+
| 12330426888.4643 |
+------------------+
