[?1034h+----------+
| count(*) |
+----------+
| 5        |
+----------+
+-----------+
| count(*)  |
+-----------+
| 600037902 |
+-----------+
+-----------+
| count(*)  |
+-----------+
| 150000000 |
+-----------+
+----------+
| count(*) |
+----------+
| 80000000 |
+----------+
+----------+
| count(*) |
+----------+
| 15000000 |
+----------+
+----------+
| count(*) |
+----------+
| 1000000  |
+----------+
+----------+
| count(*) |
+----------+
| 25       |
+----------+
+----------+
| count(*) |
+----------+
| 20000000 |
+----------+
